labuser@labuser-virtual-machine:~$ git -version
unknown option: -version
usage: git [--version] [--help] [-C <path>] [-c <name>=<value>]
           [--exec-path[=<path>]] [--html-path] [--man-path] [--info-path]
           [-p | --paginate | -P | --no-pager] [--no-replace-objects] [--bare]
           [--git-dir=<path>] [--work-tree=<path>] [--namespace=<name>]
           [--super-prefix=<path>] [--config-env=<name>=<envvar>]
           <command> [<args>]
labuser@labuser-virtual-machine:~$ mkdir test1
labuser@labuser-virtual-machine:~$ cd test1
labuser@labuser-virtual-machine:~/test1$ git init
hint: Using 'master' as the name for the initial branch. This default branch name
hint: is subject to change. To configure the initial branch name to use in all
hint: of your new repositories, which will suppress this warning, call:
hint: 
hint: 	git config --global init.defaultBranch <name>
hint: 
hint: Names commonly chosen instead of 'master' are 'main', 'trunk' and
hint: 'development'. The just-created branch can be renamed via this command:
hint: 
hint: 	git branch -m <name>
Initialized empty Git repository in /home/labuser/test1/.git/
labuser@labuser-virtual-machine:~/test1$ git init
Reinitialized existing Git repository in /home/labuser/test1/.git/
labuser@labuser-virtual-machine:~/test1$ echo "test1" > test1
labuser@labuser-virtual-machine:~/test1$ git status
On branch master

No commits yet

Untracked files:
  (use "git add <file>..." to include in what will be committed)
	test1

nothing added to commit but untracked files present (use "git add" to track)
labuser@labuser-virtual-machine:~/test1$ git add
Nothing specified, nothing added.
hint: Maybe you wanted to say 'git add .'?
hint: Turn this message off by running
hint: "git config advice.addEmptyPathspec false"
labuser@labuser-virtual-machine:~/test1$ git add .
labuser@labuser-virtual-machine:~/test1$ git commit -m "change1"
[master (root-commit) 811c9b8] change1
 1 file changed, 1 insertion(+)
 create mode 100644 test1
labuser@labuser-virtual-machine:~/test1$ git remote add origin https://github.com/kothintilaya/assignment.git
labuser@labuser-virtual-machine:~/test1$ git remote -v
origin	https://github.com/kothintilaya/assignment.git (fetch)
origin	https://github.com/kothintilaya/assignment.git (push)
labuser@labuser-virtual-machine:~/test1$ git push -u origin master
Username for 'https://github.com': kothintilaya
Password for 'https://kothintilaya@github.com': 
Enumerating objects: 3, done.
Counting objects: 100% (3/3), done.
Writing objects: 100% (3/3), 222 bytes | 222.00 KiB/s, done.
Total 3 (delta 0), reused 0 (delta 0), pack-reused 0
To https://github.com/kothintilaya/assignment.git
 * [new branch]      master -> master
Branch 'master' set up to track remote branch 'master' from 'origin'.
labuser@labuser-virtual-machine:~/test1$ nano test1
labuser@labuser-virtual-machine:~/test1$ git add .
labuser@labuser-virtual-machine:~/test1$ git commit -m "change2"
[master 890ee06] change2
 1 file changed, 1 insertion(+), 1 deletion(-)
labuser@labuser-virtual-machine:~/test1$ git push -u origin master
Username for 'https://github.com': kothintilaya
Password for 'https://kothintilaya@github.com': 
Enumerating objects: 5, done.
Counting objects: 100% (5/5), done.
Writing objects: 100% (3/3), 251 bytes | 251.00 KiB/s, done.
Total 3 (delta 0), reused 0 (delta 0), pack-reused 0
To https://github.com/kothintilaya/assignment.git
   811c9b8..890ee06  master -> master
Branch 'master' set up to track remote branch 'master' from 'origin'.
labuser@labuser-virtual-machine:~/test1$ git branch
* master
labuser@labuser-virtual-machine:~/test1$ git branch devops1
labuser@labuser-virtual-machine:~/test1$ git checkout devops1
Switched to branch 'devops1'
labuser@labuser-virtual-machine:~/test1$ git branch
* devops1
  master
labuser@labuser-virtual-machine:~/test1$ echo "test3" > file1
labuser@labuser-virtual-machine:~/test1$ echo "test4" > file2
labuser@labuser-virtual-machine:~/test1$ ls -li
total 12
6162008 -rw-rw-r-- 1 labuser labuser 6 Dec 14 06:22 file1
6162031 -rw-rw-r-- 1 labuser labuser 6 Dec 14 06:22 file2
6162010 -rw-rw-r-- 1 labuser labuser 6 Dec 14 05:53 test1
labuser@labuser-virtual-machine:~/test1$ git add .
labuser@labuser-virtual-machine:~/test1$ git commit -m "change4"
[devops1 d14a989] change4
 2 files changed, 2 insertions(+)
 create mode 100644 file1
 create mode 100644 file2
labuser@labuser-virtual-machine:~/test1$ git push -u origin devops1
Username for 'https://github.com': kothintilaya
Password for 'https://kothintilaya@github.com': 
Enumerating objects: 5, done.
Counting objects: 100% (5/5), done.
Delta compression using up to 4 threads
Compressing objects: 100% (2/2), done.
Writing objects: 100% (4/4), 320 bytes | 320.00 KiB/s, done.
Total 4 (delta 0), reused 0 (delta 0), pack-reused 0
remote: 
remote: Create a pull request for 'devops1' on GitHub by visiting:
remote:      https://github.com/kothintilaya/assignment/pull/new/devops1
remote: 
To https://github.com/kothintilaya/assignment.git
 * [new branch]      devops1 -> devops1
Branch 'devops1' set up to track remote branch 'devops1' from 'origin'.
labuser@labuser-virtual-machine:~/test1$ git branch
* devops1
  master
labuser@labuser-virtual-machine:~/test1$ git checkout master
Switched to branch 'master'
Your branch is up to date with 'origin/master'.
labuser@labuser-virtual-machine:~/test1$ git merge devops1
Updating 890ee06..d14a989
Fast-forward
 file1 | 1 +
 file2 | 1 +
 2 files changed, 2 insertions(+)
 create mode 100644 file1
 create mode 100644 file2
labuser@labuser-virtual-machine:~/test1$ git log -p
commit d14a989492c71d89c629fc887943c9bca36dc65e (HEAD -> master, origin/devops1, devops1)
Author: David Robichaud <david.robichaud@skillsoft.com>
Date:   Sat Dec 14 06:24:06 2024 -0500

    change4

diff --git a/file1 b/file1
new file mode 100644
index 0000000..df6b0d2
--- /dev/null
+++ b/file1
@@ -0,0 +1 @@
+test3
diff --git a/file2 b/file2
new file mode 100644
index 0000000..d234c5e
--- /dev/null
+++ b/file2
@@ -0,0 +1 @@
+test4

commit 890ee06304b9d3e594aa0866dd730c0c34114695 (origin/master)
Author: David Robichaud <david.robichaud@skillsoft.com>
Date:   Sat Dec 14 05:56:31 2024 -0500

    change2

diff --git a/test1 b/test1
index a5bce3f..180cf83 100644
--- a/test1
+++ b/test1
@@ -1 +1 @@
-test1
+test2

commit 811c9b8676311743ff0b78f139c7ecfb29206824
Author: David Robichaud <david.robichaud@skillsoft.com>
Date:   Sat Dec 14 04:33:48 2024 -0500

    change1

diff --git a/test1 b/test1
new file mode 100644
index 0000000..a5bce3f
--- /dev/null
+++ b/test1
@@ -0,0 +1 @@
+test1
 ESCOC
5 (origin/master)
soft.com>
4
soft.com>
 ESCOD
 

diff --git a/test1 b/test1
new file mode 100644
index 0000000..a5bce3f
--- /dev/null
+++ b/test1
@@ -0,0 +1 @@
+test1
labuser@labuser-virtual-machine:~/test1$ git log --online
fatal: unrecognized argument: --online
labuser@labuser-virtual-machine:~/test1$ git log --oneline
d14a989 (HEAD -> master, origin/devops1, devops1) change4
890ee06 (origin/master) change2
811c9b8 change1
labuser@labuser-virtual-machine:~/test1$ cd
labuser@labuser-virtual-machine:~$ git clone https://github.com/kothintilaya/labtest1.git
Cloning into 'labtest1'...
Username for 'https://github.com': 
Password for 'https://github.com': 
remote: Repository not found.
fatal: Authentication failed for 'https://github.com/kothintilaya/labtest1.git/'
labuser@labuser-virtual-machine:~$ git clone https://github.com/kothintilaya/assignment.git
Cloning into 'assignment'...
remote: Enumerating objects: 10, done.
remote: Counting objects: 100% (10/10), done.
remote: Compressing objects: 100% (4/4), done.
remote: Total 10 (delta 0), reused 10 (delta 0), pack-reused 0 (from 0)
Receiving objects: 100% (10/10), done.
labuser@labuser-virtual-machine:~$ ls -li
total 52
6029752 drwxrwxr-x 3 labuser labuser 4096 Dec 14 06:50 assignment
6029410 drwxr-xr-x 2 labuser labuser 4096 Sep 12  2023 Desktop
6029414 drwxr-xr-x 3 labuser labuser 4096 Dec 15  2023 Documents
6029411 drwxr-xr-x 2 labuser labuser 4096 Dec 18  2023 Downloads
6036475 -rw-rw-r-- 1 labuser labuser   53 Dec 18  2023 execute.yml
6029415 drwxr-xr-x 2 labuser labuser 4096 Sep 12  2023 Music
6029416 drwxr-xr-x 2 labuser labuser 4096 Sep 12  2023 Pictures
6029413 drwxr-xr-x 2 labuser labuser 4096 Sep 12  2023 Public
6030259 drwxrwxr-x 2 labuser labuser 4096 Dec 18  2023 repos
6029322 drwx------ 6 labuser labuser 4096 Dec 15  2023 snap
6029412 drwxr-xr-x 2 labuser labuser 4096 Sep 12  2023 Templates
6161939 drwxrwxr-x 3 labuser labuser 4096 Dec 14 06:34 test1
6029418 drwxr-xr-x 2 labuser labuser 4096 Sep 12  2023 Videos
labuser@labuser-virtual-machine:~$ cd labtest1
bash: cd: labtest1: No such file or directory
labuser@labuser-virtual-machine:~$ cd assignment
labuser@labuser-virtual-machine:~/assignment$ ls
test1
labuser@labuser-virtual-machine:~/assignment$ mkdir dev1
labuser@labuser-virtual-machine:~/assignment$ cd dev1
labuser@labuser-virtual-machine:~/assignment/dev1$ git pull https://github.com/kothintilaya/assignment.git
From https://github.com/kothintilaya/assignment
 * branch            master       -> FETCH_HEAD
Already up to date.
labuser@labuser-virtual-machine:~/assignment/dev1$ git branch
* master
labuser@labuser-virtual-machine:~/assignment/dev1$ ls -li
total 4
labuser@labuser-virtual-machine:~/assignment/dev1$ git branch m1
labuser@labuser-virtual-machine:~/assignment/dev1$ git checkout m1
Switched to branch 'm1'
labuser@labuser-virtual-machine:~/assignment/dev1$ echo "apple1" > fruit
labuser@labuser-virtual-machine:~/assignment/dev1$ ls
fruit
labuser@labuser-virtual-machine:~/assignment/dev1$ git checkout master
Switched to branch 'master'
Your branch is up to date with 'origin/master'.
labuser@labuser-virtual-machine:~/assignment/dev1$ ls
fruit
labuser@labuser-virtual-machine:~/assignment/dev1$ git checkout m1
Switched to branch 'm1'
labuser@labuser-virtual-machine:~/assignment/dev1$ ls
fruit
labuser@labuser-virtual-machine:~/assignment/dev1$ git rebase master
Current branch m1 is up to date.
labuser@labuser-virtual-machine:~/assignment/dev1$ ^C
labuser@labuser-virtual-machine:~/assignment/dev1$ ^C
labuser@labuser-virtual-machine:~/assignment/dev1$ 


